> Task :gradle-plugin:settings-plugin:checkKotlinGradlePluginConfigurationErrors SKIPPED
> Task :gradle-plugin:shared:checkKotlinGradlePluginConfigurationErrors SKIPPED
> Task :gradle-plugin:shared:compileKotlin UP-TO-DATE
> Task :gradle-plugin:shared:compileJava NO-SOURCE
> Task :gradle-plugin:shared:processResources NO-SOURCE
> Task :gradle-plugin:shared:classes UP-TO-DATE
> Task :gradle-plugin:shared:jar UP-TO-DATE
> Task :gradle-plugin:settings-plugin:compileKotlin UP-TO-DATE
> Task :gradle-plugin:settings-plugin:compileJava NO-SOURCE
> Task :gradle-plugin:settings-plugin:pluginDescriptors UP-TO-DATE
> Task :gradle-plugin:settings-plugin:processResources UP-TO-DATE
> Task :gradle-plugin:settings-plugin:classes UP-TO-DATE
> Task :gradle-plugin:settings-plugin:jar UP-TO-DATE
> Task :gradle-plugin:react-native-gradle-plugin:checkKotlinGradlePluginConfigurationErrors SKIPPED
> Task :gradle-plugin:react-native-gradle-plugin:compileKotlin UP-TO-DATE
> Task :gradle-plugin:react-native-gradle-plugin:compileJava NO-SOURCE
> Task :gradle-plugin:react-native-gradle-plugin:pluginDescriptors UP-TO-DATE
> Task :gradle-plugin:react-native-gradle-plugin:processResources UP-TO-DATE
> Task :gradle-plugin:react-native-gradle-plugin:classes UP-TO-DATE
> Task :gradle-plugin:react-native-gradle-plugin:jar UP-TO-DATE

> Configure project :react-native-firebase_app
:react-native-firebase_app package.json found at /Users/apple/Documents/personalfolder/Heritage-Times/node_modules/@react-native-firebase/app/package.json
:react-native-firebase_app:firebase.bom using default value: 34.10.0
:react-native-firebase_app:play.play-services-auth using default value: 21.5.0
:react-native-firebase_app package.json found at /Users/apple/Documents/personalfolder/Heritage-Times/node_modules/@react-native-firebase/app/package.json
:react-native-firebase_app:version set from package.json: 23.8.8 (23,8,8 - 23008008)
:react-native-firebase_app:android.compileSdk using custom value: 36
:react-native-firebase_app:android.targetSdk using custom value: 36
:react-native-firebase_app:android.minSdk using custom value: 28
:react-native-firebase_app:reactNativeAndroidDir /Users/apple/Documents/personalfolder/Heritage-Times/node_modules/react-native

> Configure project :react-native-firebase_auth
:react-native-firebase_auth package.json found at /Users/apple/Documents/personalfolder/Heritage-Times/node_modules/@react-native-firebase/auth/package.json
:react-native-firebase_app package.json found at /Users/apple/Documents/personalfolder/Heritage-Times/node_modules/@react-native-firebase/app/package.json
:react-native-firebase_auth:firebase.bom using default value: 34.10.0
:react-native-firebase_auth package.json found at /Users/apple/Documents/personalfolder/Heritage-Times/node_modules/@react-native-firebase/auth/package.json
:react-native-firebase_auth:version set from package.json: 23.8.8 (23,8,8 - 23008008)
:react-native-firebase_auth:android.compileSdk using custom value: 36
:react-native-firebase_auth:android.targetSdk using custom value: 36
:react-native-firebase_auth:android.minSdk using custom value: 28
:react-native-firebase_auth:reactNativeAndroidDir /Users/apple/Documents/personalfolder/Heritage-Times/node_modules/react-native

> Configure project :react-native-firebase_firestore
:react-native-firebase_firestore package.json found at /Users/apple/Documents/personalfolder/Heritage-Times/node_modules/@react-native-firebase/firestore/package.json
:react-native-firebase_app package.json found at /Users/apple/Documents/personalfolder/Heritage-Times/node_modules/@react-native-firebase/app/package.json
:react-native-firebase_firestore:firebase.bom using default value: 34.10.0
:react-native-firebase_firestore package.json found at /Users/apple/Documents/personalfolder/Heritage-Times/node_modules/@react-native-firebase/firestore/package.json
:react-native-firebase_firestore:version set from package.json: 23.8.8 (23,8,8 - 23008008)
:react-native-firebase_firestore:android.compileSdk using custom value: 36
:react-native-firebase_firestore:android.targetSdk using custom value: 36
:react-native-firebase_firestore:android.minSdk using custom value: 28
:react-native-firebase_firestore:reactNativeAndroidDir /Users/apple/Documents/personalfolder/Heritage-Times/node_modules/react-native

> Task :app:generateAutolinkingNewArchitectureFiles
> Task :app:generateAutolinkingPackageList
> Task :app:generateCodegenSchemaFromJavaScript SKIPPED
> Task :app:generateCodegenArtifactsFromSchema SKIPPED
> Task :app:generateReactNativeEntryPoint

> Task :mobile-payments-sdk-react-native:generateCodegenSchemaFromJavaScript
No modules to process in combine-js-to-schema-cli. If this is unexpected, please check if you set up your NativeComponent correctly. See combine-js-to-schema.js for how codegen finds modules.

> Task :mobile-payments-sdk-react-native:generateCodegenArtifactsFromSchema
> Task :mobile-payments-sdk-react-native:preBuild
> Task :react-native-firebase_app:preBuild UP-TO-DATE
> Task :react-native-firebase_auth:preBuild UP-TO-DATE
> Task :react-native-firebase_firestore:preBuild UP-TO-DATE
> Task :react-native-gesture-handler:generateCodegenSchemaFromJavaScript
> Task :react-native-gesture-handler:generateCodegenArtifactsFromSchema
> Task :react-native-gesture-handler:preBuild
> Task :react-native-reanimated:assertMinimalReactNativeVersionTask
> Task :react-native-reanimated:assertNewArchitectureEnabledTask SKIPPED
> Task :react-native-reanimated:assertWorkletsVersionTask
> Task :react-native-reanimated:generateCodegenSchemaFromJavaScript
> Task :react-native-reanimated:generateCodegenArtifactsFromSchema
> Task :react-native-reanimated:prepareReanimatedHeadersForPrefabs
> Task :react-native-reanimated:preBuild
> Task :react-native-safe-area-context:generateCodegenSchemaFromJavaScript
> Task :react-native-safe-area-context:generateCodegenArtifactsFromSchema
> Task :react-native-safe-area-context:preBuild
> Task :react-native-screens:generateCodegenSchemaFromJavaScript
> Task :react-native-screens:generateCodegenArtifactsFromSchema
> Task :react-native-screens:preBuild
> Task :react-native-worklets:assertMinimalReactNativeVersionTask
> Task :react-native-worklets:assertNewArchitectureEnabledTask SKIPPED
> Task :react-native-worklets:generateCodegenSchemaFromJavaScript
> Task :react-native-worklets:generateCodegenArtifactsFromSchema
> Task :react-native-worklets:prepareWorkletsHeadersForPrefabs
> Task :react-native-worklets:preBuild
> Task :app:preBuild
> Task :app:preReleaseBuild
> Task :react-native-reanimated:preReleaseBuild
> Task :react-native-worklets:preReleaseBuild
> Task :react-native-worklets:configureCMakeRelWithDebInfo[arm64-v8a]
> Task :react-native-worklets:buildCMakeRelWithDebInfo[arm64-v8a][worklets]
> Task :react-native-worklets:configureCMakeRelWithDebInfo[armeabi-v7a]
> Task :react-native-worklets:buildCMakeRelWithDebInfo[armeabi-v7a][worklets]
> Task :react-native-worklets:configureCMakeRelWithDebInfo[x86]
> Task :react-native-worklets:buildCMakeRelWithDebInfo[x86][worklets]
> Task :react-native-worklets:configureCMakeRelWithDebInfo[x86_64]
> Task :react-native-worklets:buildCMakeRelWithDebInfo[x86_64][worklets]
> Task :react-native-worklets:externalNativeBuildRelease
> Task :react-native-worklets:generateJsonModelRelease
> Task :react-native-worklets:prefabReleaseConfigurePackage
> Task :react-native-reanimated:configureCMakeRelWithDebInfo[arm64-v8a]
> Task :react-native-reanimated:configureCMakeRelWithDebInfo[armeabi-v7a]
> Task :react-native-reanimated:configureCMakeRelWithDebInfo[x86]
> Task :react-native-reanimated:configureCMakeRelWithDebInfo[x86_64]
> Task :react-native-reanimated:generateJsonModelRelease
> Task :react-native-reanimated:prefabReleaseConfigurePackage UP-TO-DATE
> Task :app:configureCMakeRelWithDebInfo[arm64-v8a]
> Task :react-native-worklets:prefabReleasePackage
> Task :react-native-reanimated:buildCMakeRelWithDebInfo[arm64-v8a][reanimated]
> Task :react-native-reanimated:buildCMakeRelWithDebInfo[armeabi-v7a][reanimated]
> Task :react-native-reanimated:buildCMakeRelWithDebInfo[x86][reanimated]
> Task :react-native-reanimated:buildCMakeRelWithDebInfo[x86_64][reanimated]
> Task :react-native-worklets:mergeReleaseJniLibFolders
> Task :react-native-worklets:mergeReleaseNativeLibs
> Task :app:configureCMakeRelWithDebInfo[armeabi-v7a]
> Task :react-native-worklets:copyReleaseJniLibsProjectOnly
> Task :app:configureCMakeRelWithDebInfo[x86]
> Task :react-native-reanimated:externalNativeBuildRelease
> Task :react-native-reanimated:prefabReleasePackage
> Task :app:buildCMakeRelWithDebInfo[arm64-v8a]
> Task :app:buildCMakeRelWithDebInfo[armeabi-v7a]
> Task :app:buildCMakeRelWithDebInfo[x86]
> Task :app:configureCMakeRelWithDebInfo[x86_64]
> Task :app:buildCMakeRelWithDebInfo[x86_64]
> Task :app:mergeReleaseJniLibFolders
> Task :mobile-payments-sdk-react-native:preReleaseBuild
> Task :mobile-payments-sdk-react-native:mergeReleaseJniLibFolders
> Task :mobile-payments-sdk-react-native:mergeReleaseNativeLibs NO-SOURCE
> Task :react-native-firebase_app:preReleaseBuild UP-TO-DATE
> Task :mobile-payments-sdk-react-native:copyReleaseJniLibsProjectOnly
> Task :react-native-firebase_app:mergeReleaseJniLibFolders
> Task :react-native-firebase_app:mergeReleaseNativeLibs NO-SOURCE
> Task :react-native-firebase_auth:preReleaseBuild UP-TO-DATE
> Task :react-native-firebase_app:copyReleaseJniLibsProjectOnly
> Task :react-native-firebase_auth:mergeReleaseJniLibFolders
> Task :react-native-firebase_auth:mergeReleaseNativeLibs NO-SOURCE
> Task :react-native-firebase_firestore:preReleaseBuild UP-TO-DATE
> Task :react-native-firebase_auth:copyReleaseJniLibsProjectOnly
> Task :react-native-firebase_firestore:mergeReleaseJniLibFolders
> Task :react-native-firebase_firestore:mergeReleaseNativeLibs NO-SOURCE
> Task :react-native-gesture-handler:preReleaseBuild
> Task :react-native-firebase_firestore:copyReleaseJniLibsProjectOnly
> Task :react-native-gesture-handler:configureCMakeRelWithDebInfo[arm64-v8a]
> Task :react-native-gesture-handler:buildCMakeRelWithDebInfo[arm64-v8a]
> Task :react-native-gesture-handler:configureCMakeRelWithDebInfo[armeabi-v7a]
> Task :react-native-gesture-handler:buildCMakeRelWithDebInfo[armeabi-v7a]
> Task :react-native-gesture-handler:configureCMakeRelWithDebInfo[x86]
> Task :react-native-gesture-handler:buildCMakeRelWithDebInfo[x86]
> Task :react-native-gesture-handler:configureCMakeRelWithDebInfo[x86_64]
> Task :react-native-gesture-handler:buildCMakeRelWithDebInfo[x86_64]
> Task :react-native-gesture-handler:mergeReleaseJniLibFolders
> Task :react-native-reanimated:mergeReleaseJniLibFolders
> Task :react-native-gesture-handler:mergeReleaseNativeLibs
> Task :react-native-safe-area-context:preReleaseBuild
> Task :react-native-safe-area-context:mergeReleaseJniLibFolders
> Task :react-native-gesture-handler:copyReleaseJniLibsProjectOnly
> Task :react-native-safe-area-context:mergeReleaseNativeLibs NO-SOURCE
> Task :react-native-screens:preReleaseBuild
> Task :react-native-safe-area-context:copyReleaseJniLibsProjectOnly
> Task :react-native-screens:configureCMakeRelWithDebInfo[arm64-v8a]
> Task :react-native-reanimated:mergeReleaseNativeLibs
> Task :react-native-screens:buildCMakeRelWithDebInfo[arm64-v8a]
> Task :react-native-screens:configureCMakeRelWithDebInfo[armeabi-v7a]
> Task :react-native-reanimated:copyReleaseJniLibsProjectOnly
> Task :react-native-screens:buildCMakeRelWithDebInfo[armeabi-v7a]
> Task :react-native-screens:configureCMakeRelWithDebInfo[x86]
> Task :react-native-screens:buildCMakeRelWithDebInfo[x86]
> Task :react-native-screens:configureCMakeRelWithDebInfo[x86_64]
> Task :react-native-screens:buildCMakeRelWithDebInfo[x86_64]
> Task :react-native-screens:mergeReleaseJniLibFolders
> Task :mobile-payments-sdk-react-native:checkKotlinGradlePluginConfigurationErrors SKIPPED
> Task :mobile-payments-sdk-react-native:generateReleaseBuildConfig
> Task :mobile-payments-sdk-react-native:generateReleaseResValues
> Task :mobile-payments-sdk-react-native:generateReleaseResources
> Task :mobile-payments-sdk-react-native:packageReleaseResources
> Task :react-native-screens:mergeReleaseNativeLibs
> Task :react-native-gesture-handler:checkKotlinGradlePluginConfigurationErrors SKIPPED
> Task :mobile-payments-sdk-react-native:javaPreCompileRelease
> Task :mobile-payments-sdk-react-native:parseReleaseLocalResources
> Task :react-native-gesture-handler:generateReleaseBuildConfig
> Task :react-native-gesture-handler:generateReleaseResValues
> Task :react-native-screens:copyReleaseJniLibsProjectOnly
> Task :react-native-gesture-handler:generateReleaseResources
> Task :mobile-payments-sdk-react-native:generateReleaseRFile
> Task :react-native-gesture-handler:packageReleaseResources
> Task :react-native-reanimated:generateReleaseBuildConfig
> Task :react-native-gesture-handler:parseReleaseLocalResources
> Task :react-native-reanimated:generateReleaseResValues
> Task :react-native-reanimated:generateReleaseResources
> Task :react-native-gesture-handler:generateReleaseRFile
> Task :react-native-reanimated:packageReleaseResources
> Task :react-native-reanimated:javaPreCompileRelease
> Task :react-native-reanimated:parseReleaseLocalResources
> Task :react-native-worklets:generateReleaseBuildConfig
> Task :react-native-worklets:generateReleaseResValues
> Task :react-native-reanimated:generateReleaseRFile
> Task :react-native-worklets:generateReleaseResources
> Task :react-native-worklets:packageReleaseResources
> Task :react-native-worklets:javaPreCompileRelease
> Task :react-native-worklets:parseReleaseLocalResources
> Task :react-native-gesture-handler:javaPreCompileRelease
> Task :react-native-safe-area-context:checkKotlinGradlePluginConfigurationErrors SKIPPED
> Task :react-native-safe-area-context:generateReleaseBuildConfig
> Task :react-native-worklets:generateReleaseRFile
> Task :react-native-safe-area-context:generateReleaseResValues

> Task :react-native-worklets:compileReleaseJavaWithJavac
Note: /Users/apple/Documents/personalfolder/Heritage-Times/node_modules/react-native-worklets/android/src/main/java/com/swmansion/worklets/WorkletsMessageQueueThreadBase.java uses or overrides a deprecated API.
Note: Recompile with -Xlint:deprecation for details.
Note: /Users/apple/Documents/personalfolder/Heritage-Times/node_modules/react-native-worklets/android/src/main/java/com/swmansion/worklets/WorkletsPackage.java uses unchecked or unsafe operations.
Note: Recompile with -Xlint:unchecked for details.

> Task :react-native-safe-area-context:generateReleaseResources
> Task :react-native-worklets:bundleLibCompileToJarRelease
> Task :react-native-safe-area-context:packageReleaseResources

> Task :react-native-reanimated:compileReleaseJavaWithJavac
Note: Some input files use or override a deprecated API.
Note: Recompile with -Xlint:deprecation for details.
Note: Some input files use unchecked or unsafe operations.
Note: Recompile with -Xlint:unchecked for details.

> Task :react-native-reanimated:bundleLibCompileToJarRelease
> Task :react-native-safe-area-context:parseReleaseLocalResources
> Task :react-native-safe-area-context:javaPreCompileRelease
> Task :react-native-screens:checkKotlinGradlePluginConfigurationErrors SKIPPED
> Task :react-native-screens:generateReleaseBuildConfig
> Task :react-native-safe-area-context:generateReleaseRFile
> Task :react-native-screens:generateReleaseResValues
> Task :react-native-screens:generateReleaseResources
> Task :react-native-screens:packageReleaseResources
> Task :react-native-screens:javaPreCompileRelease
> Task :react-native-screens:parseReleaseLocalResources
> Task :react-native-firebase_app:generateReleaseBuildConfig
> Task :react-native-firebase_app:generateReleaseResValues
> Task :react-native-screens:generateReleaseRFile
> Task :react-native-firebase_app:generateReleaseResources
> Task :react-native-firebase_app:packageReleaseResources
> Task :react-native-firebase_app:javaPreCompileRelease
> Task :react-native-firebase_app:parseReleaseLocalResources
> Task :react-native-firebase_auth:generateReleaseBuildConfig
> Task :react-native-firebase_auth:generateReleaseResValues
> Task :react-native-firebase_app:generateReleaseRFile
> Task :react-native-firebase_auth:generateReleaseResources

> Task :react-native-firebase_app:compileReleaseJavaWithJavac
Note: Some input files use or override a deprecated API.
Note: Recompile with -Xlint:deprecation for details.

> Task :react-native-firebase_app:bundleLibCompileToJarRelease
> Task :react-native-firebase_auth:packageReleaseResources
> Task :react-native-firebase_auth:javaPreCompileRelease
> Task :react-native-firebase_auth:parseReleaseLocalResources
> Task :react-native-firebase_firestore:generateReleaseBuildConfig
> Task :react-native-firebase_firestore:generateReleaseResValues
> Task :react-native-firebase_firestore:generateReleaseResources
> Task :react-native-firebase_auth:generateReleaseRFile
> Task :react-native-firebase_firestore:packageReleaseResources

> Task :mobile-payments-sdk-react-native:compileReleaseKotlin
w: file:///Users/apple/Documents/personalfolder/Heritage-Times/node_modules/mobile-payments-sdk-react-native/android/src/main/java/com/mobilepaymentssdkreactnative/MobilePaymentsSdkReactNativePackage.kt:10:16 This declaration overrides a deprecated member but is not marked as deprecated itself. Add the '@Deprecated' annotation or suppress the diagnostic.
w: file:///Users/apple/Documents/personalfolder/Heritage-Times/node_modules/mobile-payments-sdk-react-native/android/src/main/java/com/mobilepaymentssdkreactnative/Utils.kt:81:33 'fun idempotencyKey(idempotencyKey: String?): PaymentParameters.Builder' is deprecated. Use paymentAttemptId instead.
w: file:///Users/apple/Documents/personalfolder/Heritage-Times/node_modules/mobile-payments-sdk-react-native/android/src/main/java/com/mobilepaymentssdkreactnative/Utils.kt:333:24 'val state: ReaderInfo.State' is deprecated. Use status instead.
w: file:///Users/apple/Documents/personalfolder/Heritage-Times/node_modules/mobile-payments-sdk-react-native/android/src/main/java/com/mobilepaymentssdkreactnative/Utils.kt:373:16 'class State : Any' is deprecated. This class is deprecated and will be removed in a future release.

> Task :react-native-firebase_auth:compileReleaseJavaWithJavac
Note: Some input files use or override a deprecated API.
Note: Recompile with -Xlint:deprecation for details.
Note: /Users/apple/Documents/personalfolder/Heritage-Times/node_modules/@react-native-firebase/auth/android/src/main/java/io/invertase/firebase/auth/ReactNativeFirebaseAuthModule.java uses unchecked or unsafe operations.
Note: Recompile with -Xlint:unchecked for details.

> Task :mobile-payments-sdk-react-native:compileReleaseJavaWithJavac
> Task :mobile-payments-sdk-react-native:mergeReleaseGeneratedProguardFiles UP-TO-DATE
> Task :react-native-firebase_auth:mergeReleaseGeneratedProguardFiles UP-TO-DATE
> Task :mobile-payments-sdk-react-native:exportReleaseConsumerProguardFiles
> Task :react-native-firebase_auth:exportReleaseConsumerProguardFiles
> Task :react-native-firebase_firestore:javaPreCompileRelease
> Task :react-native-firebase_app:mergeReleaseGeneratedProguardFiles UP-TO-DATE
> Task :react-native-firebase_app:exportReleaseConsumerProguardFiles
> Task :react-native-firebase_firestore:parseReleaseLocalResources
> Task :react-native-reanimated:mergeReleaseGeneratedProguardFiles UP-TO-DATE
> Task :react-native-worklets:mergeReleaseGeneratedProguardFiles UP-TO-DATE
> Task :react-native-reanimated:exportReleaseConsumerProguardFiles
> Task :react-native-firebase_firestore:generateReleaseRFile
> Task :react-native-worklets:exportReleaseConsumerProguardFiles

> Task :react-native-firebase_firestore:compileReleaseJavaWithJavac
Note: Some input files use or override a deprecated API.
Note: Recompile with -Xlint:deprecation for details.
Note: Some input files use unchecked or unsafe operations.
Note: Recompile with -Xlint:unchecked for details.

> Task :react-native-firebase_firestore:mergeReleaseGeneratedProguardFiles UP-TO-DATE
> Task :react-native-firebase_firestore:exportReleaseConsumerProguardFiles
> Task :app:buildKotlinToolingMetadata
> Task :app:checkKotlinGradlePluginConfigurationErrors SKIPPED
> Task :app:generateReleaseBuildConfig
> Task :mobile-payments-sdk-react-native:writeReleaseAarMetadata
> Task :react-native-firebase_app:writeReleaseAarMetadata
> Task :react-native-firebase_auth:writeReleaseAarMetadata
> Task :react-native-firebase_firestore:writeReleaseAarMetadata
> Task :react-native-gesture-handler:writeReleaseAarMetadata
> Task :react-native-reanimated:writeReleaseAarMetadata
> Task :react-native-safe-area-context:writeReleaseAarMetadata
> Task :react-native-screens:writeReleaseAarMetadata
> Task :react-native-worklets:writeReleaseAarMetadata
> Task :app:checkReleaseAarMetadata
> Task :app:checkReleaseDuplicateClasses

> Task :react-native-safe-area-context:compileReleaseKotlin
w: file:///Users/apple/Documents/personalfolder/Heritage-Times/node_modules/react-native-safe-area-context/android/src/main/java/com/th3rdwave/safeareacontext/SafeAreaView.kt:9:8 'class UIManagerModule : ReactContextBaseJavaModule, LifecycleEventListener, UIManager' is deprecated. Deprecated in Java.
w: file:///Users/apple/Documents/personalfolder/Heritage-Times/node_modules/react-native-safe-area-context/android/src/main/java/com/th3rdwave/safeareacontext/SafeAreaView.kt:50:54 'class UIManagerModule : ReactContextBaseJavaModule, LifecycleEventListener, UIManager' is deprecated. Deprecated in Java.
w: file:///Users/apple/Documents/personalfolder/Heritage-Times/node_modules/react-native-safe-area-context/android/src/main/java/com/th3rdwave/safeareacontext/SafeAreaView.kt:59:23 'val uiImplementation: UIImplementation!' is deprecated. Deprecated in Java.
w: file:///Users/apple/Documents/personalfolder/Heritage-Times/node_modules/react-native-safe-area-context/android/src/main/java/com/th3rdwave/safeareacontext/SafeAreaViewShadowNode.kt:9:32 'class LayoutShadowNode : ReactShadowNodeImpl' is deprecated. Deprecated in Java.
w: file:///Users/apple/Documents/personalfolder/Heritage-Times/node_modules/react-native-safe-area-context/android/src/main/java/com/th3rdwave/safeareacontext/SafeAreaViewShadowNode.kt:110:61 'class NativeViewHierarchyOptimizer : Any' is deprecated. Deprecated in Java.

> Task :app:createBundleReleaseJsAndAssets

                        ▒▒▓▓▓▓▒▒
                     ▒▓▓▓▒▒░░▒▒▓▓▓▒
                  ▒▓▓▓▓░░░▒▒▒▒░░░▓▓▓▓▒
                 ▓▓▒▒▒▓▓▓▓▓▓▓▓▓▓▓▓▒▒▒▓▓
                 ▓▓░░░░░▒▓▓▓▓▓▓▒░░░░░▓▓
                 ▓▓░░▓▓▒░░░▒▒░░░▒▓▒░░▓▓
                 ▓▓░░▓▓▓▓▓▒▒▒▒▓▓▓▓▒░░▓▓
                 ▓▓░░▓▓▓▓▓▓▓▓▓▓▓▓▓▒░░▓▓
                 ▓▓▒░░▒▒▓▓▓▓▓▓▓▓▒░░░▒▓▓
                  ▒▓▓▓▒░░░▒▓▓▒░░░▒▓▓▓▒
                     ▒▓▓▓▒░░░░▒▓▓▓▒
                        ▒▒▓▓▓▓▒▒


 WARN  the transform cache was reset.
                Welcome to Metro v0.83.5
              Fast - Scalable - Integrated



> Task :app:mergeReleaseNativeLibs

> Task :react-native-gesture-handler:compileReleaseKotlin
w: file:///Users/apple/Documents/personalfolder/Heritage-Times/node_modules/react-native-gesture-handler/android/src/main/java/com/swmansion/gesturehandler/react/Extensions.kt:8:8 'class UIManagerModule : ReactContextBaseJavaModule, LifecycleEventListener, UIManager' is deprecated. Deprecated in Java.
w: file:///Users/apple/Documents/personalfolder/Heritage-Times/node_modules/react-native-gesture-handler/android/src/main/java/com/swmansion/gesturehandler/react/Extensions.kt:13:29 'class UIManagerModule : ReactContextBaseJavaModule, LifecycleEventListener, UIManager' is deprecated. Deprecated in Java.
w: file:///Users/apple/Documents/personalfolder/Heritage-Times/node_modules/react-native-gesture-handler/android/src/main/java/com/swmansion/gesturehandler/react/Extensions.kt:14:32 'class UIManagerModule : ReactContextBaseJavaModule, LifecycleEventListener, UIManager' is deprecated. Deprecated in Java.
w: file:///Users/apple/Documents/personalfolder/Heritage-Times/node_modules/react-native-gesture-handler/android/src/main/java/com/swmansion/gesturehandler/react/RNGestureHandlerModule.kt:173:53 This synthetic property is based on the getter function 'fun getRootViewTag(): Int' from Kotlin. In the future, synthetic properties will be available only if the base getter function came from Java. Consider replacing this property access with a 'getRootViewTag()' function call.

> Task :react-native-screens:compileReleaseKotlin
w: file:///Users/apple/Documents/personalfolder/Heritage-Times/node_modules/react-native-screens/android/src/main/java/com/swmansion/rnscreens/RNScreensPackage.kt:62:9 The corresponding parameter in the supertype 'BaseReactPackage' is named 'name'. This may cause problems when calling this function with named arguments.
w: file:///Users/apple/Documents/personalfolder/Heritage-Times/node_modules/react-native-screens/android/src/main/java/com/swmansion/rnscreens/RNScreensPackage.kt:63:9 The corresponding parameter in the supertype 'BaseReactPackage' is named 'reactContext'. This may cause problems when calling this function with named arguments.
w: file:///Users/apple/Documents/personalfolder/Heritage-Times/node_modules/react-native-screens/android/src/main/java/com/swmansion/rnscreens/RNScreensPackage.kt:76:17 'constructor(name: String, className: String, canOverrideExistingModule: Boolean, needsEagerInit: Boolean, hasConstants: Boolean, isCxxModule: Boolean, isTurboModule: Boolean): ReactModuleInfo' is deprecated. This constructor is deprecated and will be removed in the future. Use ReactModuleInfo(String, String, boolean, boolean, boolean, boolean)].
w: file:///Users/apple/Documents/personalfolder/Heritage-Times/node_modules/react-native-screens/android/src/main/java/com/swmansion/rnscreens/Screen.kt:26:8 'class UIManagerModule : ReactContextBaseJavaModule, LifecycleEventListener, UIManager' is deprecated. Deprecated in Java.
w: file:///Users/apple/Documents/personalfolder/Heritage-Times/node_modules/react-native-screens/android/src/main/java/com/swmansion/rnscreens/Screen.kt:56:77 Unchecked cast of '(CoordinatorLayout.Behavior<View!>?..CoordinatorLayout.Behavior<*>?)' to 'BottomSheetBehavior<Screen>'.
w: file:///Users/apple/Documents/personalfolder/Heritage-Times/node_modules/react-native-screens/android/src/main/java/com/swmansion/rnscreens/Screen.kt:428:42 'class UIManagerModule : ReactContextBaseJavaModule, LifecycleEventListener, UIManager' is deprecated. Deprecated in Java.
w: file:///Users/apple/Documents/personalfolder/Heritage-Times/node_modules/react-native-screens/android/src/main/java/com/swmansion/rnscreens/ScreenContainerViewManager.kt:6:8 'class LayoutShadowNode : ReactShadowNodeImpl' is deprecated. Deprecated in Java.
w: file:///Users/apple/Documents/personalfolder/Heritage-Times/node_modules/react-native-screens/android/src/main/java/com/swmansion/rnscreens/ScreenContainerViewManager.kt:56:78 'class LayoutShadowNode : ReactShadowNodeImpl' is deprecated. Deprecated in Java.
w: file:///Users/apple/Documents/personalfolder/Heritage-Times/node_modules/react-native-screens/android/src/main/java/com/swmansion/rnscreens/ScreenStackFragment.kt:222:31 'var targetElevation: Float' is deprecated. Deprecated in Java.
w: file:///Users/apple/Documents/personalfolder/Heritage-Times/node_modules/react-native-screens/android/src/main/java/com/swmansion/rnscreens/ScreenStackFragment.kt:225:13 'fun setHasOptionsMenu(p0: Boolean): Unit' is deprecated. Deprecated in Java.
w: file:///Users/apple/Documents/personalfolder/Heritage-Times/node_modules/react-native-screens/android/src/main/java/com/swmansion/rnscreens/ScreenStackFragment.kt:404:18 This declaration overrides a deprecated member but is not marked as deprecated itself. Add the '@Deprecated' annotation or suppress the diagnostic.
w: file:///Users/apple/Documents/personalfolder/Heritage-Times/node_modules/react-native-screens/android/src/main/java/com/swmansion/rnscreens/ScreenStackFragment.kt:411:22 'fun onPrepareOptionsMenu(p0: Menu): Unit' is deprecated. Deprecated in Java.
w: file:///Users/apple/Documents/personalfolder/Heritage-Times/node_modules/react-native-screens/android/src/main/java/com/swmansion/rnscreens/ScreenStackFragment.kt:414:18 This declaration overrides a deprecated member but is not marked as deprecated itself. Add the '@Deprecated' annotation or suppress the diagnostic.
w: file:///Users/apple/Documents/personalfolder/Heritage-Times/node_modules/react-native-screens/android/src/main/java/com/swmansion/rnscreens/ScreenStackFragment.kt:419:22 'fun onCreateOptionsMenu(p0: Menu, p1: MenuInflater): Unit' is deprecated. Deprecated in Java.
w: file:///Users/apple/Documents/personalfolder/Heritage-Times/node_modules/react-native-screens/android/src/main/java/com/swmansion/rnscreens/ScreenStackHeaderConfig.kt:441:22 'val reactNativeHost: ReactNativeHost' is deprecated. You should not use ReactNativeHost directly in the New Architecture. Use ReactHost instead.
w: file:///Users/apple/Documents/personalfolder/Heritage-Times/node_modules/react-native-screens/android/src/main/java/com/swmansion/rnscreens/ScreenStackHeaderConfigShadowNode.kt:4:8 'class LayoutShadowNode : ReactShadowNodeImpl' is deprecated. Deprecated in Java.
w: file:///Users/apple/Documents/personalfolder/Heritage-Times/node_modules/react-native-screens/android/src/main/java/com/swmansion/rnscreens/ScreenStackHeaderConfigShadowNode.kt:10:5 'class LayoutShadowNode : ReactShadowNodeImpl' is deprecated. Deprecated in Java.
w: file:///Users/apple/Documents/personalfolder/Heritage-Times/node_modules/react-native-screens/android/src/main/java/com/swmansion/rnscreens/ScreenStackHeaderConfigViewManager.kt:9:8 'class LayoutShadowNode : ReactShadowNodeImpl' is deprecated. Deprecated in Java.
w: file:///Users/apple/Documents/personalfolder/Heritage-Times/node_modules/react-native-screens/android/src/main/java/com/swmansion/rnscreens/ScreenStackHeaderConfigViewManager.kt:37:78 'class LayoutShadowNode : ReactShadowNodeImpl' is deprecated. Deprecated in Java.
w: file:///Users/apple/Documents/personalfolder/Heritage-Times/node_modules/react-native-screens/android/src/main/java/com/swmansion/rnscreens/ScreenStackViewManager.kt:6:8 'class LayoutShadowNode : ReactShadowNodeImpl' is deprecated. Deprecated in Java.
w: file:///Users/apple/Documents/personalfolder/Heritage-Times/node_modules/react-native-screens/android/src/main/java/com/swmansion/rnscreens/ScreenStackViewManager.kt:65:78 'class LayoutShadowNode : ReactShadowNodeImpl' is deprecated. Deprecated in Java.
w: file:///Users/apple/Documents/personalfolder/Heritage-Times/node_modules/react-native-screens/android/src/main/java/com/swmansion/rnscreens/ScreenWindowTraits.kt:48:42 'fun replaceSystemWindowInsets(p0: Int, p1: Int, p2: Int, p3: Int): @NonNull() WindowInsetsCompat' is deprecated. Deprecated in Java.
w: file:///Users/apple/Documents/personalfolder/Heritage-Times/node_modules/react-native-screens/android/src/main/java/com/swmansion/rnscreens/ScreenWindowTraits.kt:49:39 'val systemWindowInsetLeft: Int' is deprecated. Deprecated in Java.
w: file:///Users/apple/Documents/personalfolder/Heritage-Times/node_modules/react-native-screens/android/src/main/java/com/swmansion/rnscreens/ScreenWindowTraits.kt:51:39 'val systemWindowInsetRight: Int' is deprecated. Deprecated in Java.
w: file:///Users/apple/Documents/personalfolder/Heritage-Times/node_modules/react-native-screens/android/src/main/java/com/swmansion/rnscreens/ScreenWindowTraits.kt:52:39 'val systemWindowInsetBottom: Int' is deprecated. Deprecated in Java.
w: file:///Users/apple/Documents/personalfolder/Heritage-Times/node_modules/react-native-screens/android/src/main/java/com/swmansion/rnscreens/ScreensShadowNode.kt:4:8 'class LayoutShadowNode : ReactShadowNodeImpl' is deprecated. Deprecated in Java.
w: file:///Users/apple/Documents/personalfolder/Heritage-Times/node_modules/react-native-screens/android/src/main/java/com/swmansion/rnscreens/ScreensShadowNode.kt:5:8 'class NativeViewHierarchyManager : Any' is deprecated. Deprecated in Java.
w: file:///Users/apple/Documents/personalfolder/Heritage-Times/node_modules/react-native-screens/android/src/main/java/com/swmansion/rnscreens/ScreensShadowNode.kt:6:8 'class NativeViewHierarchyOptimizer : Any' is deprecated. Deprecated in Java.
w: file:///Users/apple/Documents/personalfolder/Heritage-Times/node_modules/react-native-screens/android/src/main/java/com/swmansion/rnscreens/ScreensShadowNode.kt:7:8 'class UIManagerModule : ReactContextBaseJavaModule, LifecycleEventListener, UIManager' is deprecated. Deprecated in Java.
w: file:///Users/apple/Documents/personalfolder/Heritage-Times/node_modules/react-native-screens/android/src/main/java/com/swmansion/rnscreens/ScreensShadowNode.kt:11:5 'class LayoutShadowNode : ReactShadowNodeImpl' is deprecated. Deprecated in Java.
w: file:///Users/apple/Documents/personalfolder/Heritage-Times/node_modules/react-native-screens/android/src/main/java/com/swmansion/rnscreens/ScreensShadowNode.kt:12:63 'class NativeViewHierarchyOptimizer : Any' is deprecated. Deprecated in Java.
w: file:///Users/apple/Documents/personalfolder/Heritage-Times/node_modules/react-native-screens/android/src/main/java/com/swmansion/rnscreens/ScreensShadowNode.kt:14:34 'class UIManagerModule : ReactContextBaseJavaModule, LifecycleEventListener, UIManager' is deprecated. Deprecated in Java.
w: file:///Users/apple/Documents/personalfolder/Heritage-Times/node_modules/react-native-screens/android/src/main/java/com/swmansion/rnscreens/ScreensShadowNode.kt:14:106 'class NativeViewHierarchyManager : Any' is deprecated. Deprecated in Java.
w: file:///Users/apple/Documents/personalfolder/Heritage-Times/node_modules/react-native-screens/android/src/main/java/com/swmansion/rnscreens/bottomsheet/BottomSheetDialogRootView.kt:7:8 'object ReactFeatureFlags : Any' is deprecated. Use com.facebook.react.internal.featureflags.ReactNativeFeatureFlags instead.
w: file:///Users/apple/Documents/personalfolder/Heritage-Times/node_modules/react-native-screens/android/src/main/java/com/swmansion/rnscreens/bottomsheet/BottomSheetDialogRootView.kt:25:13 'object ReactFeatureFlags : Any' is deprecated. Use com.facebook.react.internal.featureflags.ReactNativeFeatureFlags instead.
w: file:///Users/apple/Documents/personalfolder/Heritage-Times/node_modules/react-native-screens/android/src/main/java/com/swmansion/rnscreens/bottomsheet/BottomSheetDialogRootView.kt:32:9 The corresponding parameter in the supertype 'ReactViewGroup' is named 'left'. This may cause problems when calling this function with named arguments.
w: file:///Users/apple/Documents/personalfolder/Heritage-Times/node_modules/react-native-screens/android/src/main/java/com/swmansion/rnscreens/bottomsheet/BottomSheetDialogRootView.kt:33:9 The corresponding parameter in the supertype 'ReactViewGroup' is named 'top'. This may cause problems when calling this function with named arguments.
w: file:///Users/apple/Documents/personalfolder/Heritage-Times/node_modules/react-native-screens/android/src/main/java/com/swmansion/rnscreens/bottomsheet/BottomSheetDialogRootView.kt:34:9 The corresponding parameter in the supertype 'ReactViewGroup' is named 'right'. This may cause problems when calling this function with named arguments.
w: file:///Users/apple/Documents/personalfolder/Heritage-Times/node_modules/react-native-screens/android/src/main/java/com/swmansion/rnscreens/bottomsheet/BottomSheetDialogRootView.kt:35:9 The corresponding parameter in the supertype 'ReactViewGroup' is named 'bottom'. This may cause problems when calling this function with named arguments.
w: file:///Users/apple/Documents/personalfolder/Heritage-Times/node_modules/react-native-screens/android/src/main/java/com/swmansion/rnscreens/bottomsheet/BottomSheetDialogRootView.kt:71:9 The corresponding parameter in the supertype 'RootView' is named 'childView'. This may cause problems when calling this function with named arguments.
w: file:///Users/apple/Documents/personalfolder/Heritage-Times/node_modules/react-native-screens/android/src/main/java/com/swmansion/rnscreens/bottomsheet/BottomSheetDialogRootView.kt:72:9 The corresponding parameter in the supertype 'RootView' is named 'ev'. This may cause problems when calling this function with named arguments.
w: file:///Users/apple/Documents/personalfolder/Heritage-Times/node_modules/react-native-screens/android/src/main/java/com/swmansion/rnscreens/bottomsheet/BottomSheetDialogRootView.kt:79:46 The corresponding parameter in the supertype 'RootView' is named 'ev'. This may cause problems when calling this function with named arguments.
w: file:///Users/apple/Documents/personalfolder/Heritage-Times/node_modules/react-native-screens/android/src/main/java/com/swmansion/rnscreens/bottomsheet/BottomSheetDialogRootView.kt:83:9 The corresponding parameter in the supertype 'RootView' is named 'childView'. This may cause problems when calling this function with named arguments.
w: file:///Users/apple/Documents/personalfolder/Heritage-Times/node_modules/react-native-screens/android/src/main/java/com/swmansion/rnscreens/bottomsheet/BottomSheetDialogRootView.kt:84:9 The corresponding parameter in the supertype 'RootView' is named 'ev'. This may cause problems when calling this function with named arguments.
w: file:///Users/apple/Documents/personalfolder/Heritage-Times/node_modules/react-native-screens/android/src/main/java/com/swmansion/rnscreens/bottomsheet/BottomSheetDialogRootView.kt:95:34 The corresponding parameter in the supertype 'RootView' is named 't'. This may cause problems when calling this function with named arguments.
w: file:///Users/apple/Documents/personalfolder/Heritage-Times/node_modules/react-native-screens/android/src/main/java/com/swmansion/rnscreens/bottomsheet/DimmingView.kt:64:9 The corresponding parameter in the supertype 'ReactCompoundView' is named 'touchX'. This may cause problems when calling this function with named arguments.
w: file:///Users/apple/Documents/personalfolder/Heritage-Times/node_modules/react-native-screens/android/src/main/java/com/swmansion/rnscreens/bottomsheet/DimmingView.kt:65:9 The corresponding parameter in the supertype 'ReactCompoundView' is named 'touchY'. This may cause problems when calling this function with named arguments.
w: file:///Users/apple/Documents/personalfolder/Heritage-Times/node_modules/react-native-screens/android/src/main/java/com/swmansion/rnscreens/bottomsheet/DimmingView.kt:69:9 The corresponding parameter in the supertype 'ReactCompoundViewGroup' is named 'touchX'. This may cause problems when calling this function with named arguments.
w: file:///Users/apple/Documents/personalfolder/Heritage-Times/node_modules/react-native-screens/android/src/main/java/com/swmansion/rnscreens/bottomsheet/DimmingView.kt:70:9 The corresponding parameter in the supertype 'ReactCompoundViewGroup' is named 'touchY'. This may cause problems when calling this function with named arguments.
w: file:///Users/apple/Documents/personalfolder/Heritage-Times/node_modules/react-native-screens/android/src/main/java/com/swmansion/rnscreens/gamma/tabs/TabsHostViewManager.kt:37:9 The corresponding parameter in the supertype 'TabsHostViewManager' is named 'view'. This may cause problems when calling this function with named arguments.
w: file:///Users/apple/Documents/personalfolder/Heritage-Times/node_modules/react-native-screens/android/src/main/java/com/swmansion/rnscreens/safearea/SafeAreaView.kt:19:8 'class UIManagerModule : ReactContextBaseJavaModule, LifecycleEventListener, UIManager' is deprecated. Deprecated in Java.
w: file:///Users/apple/Documents/personalfolder/Heritage-Times/node_modules/react-native-screens/android/src/main/java/com/swmansion/rnscreens/safearea/SafeAreaView.kt:153:45 'fun consumeDisplayCutout(): @NonNull() WindowInsetsCompat' is deprecated. Deprecated in Java.
w: file:///Users/apple/Documents/personalfolder/Heritage-Times/node_modules/react-native-screens/android/src/main/java/com/swmansion/rnscreens/safearea/SafeAreaView.kt:194:58 'class UIManagerModule : ReactContextBaseJavaModule, LifecycleEventListener, UIManager' is deprecated. Deprecated in Java.
w: file:///Users/apple/Documents/personalfolder/Heritage-Times/node_modules/react-native-screens/android/src/main/java/com/swmansion/rnscreens/safearea/SafeAreaView.kt:201:31 'val uiImplementation: UIImplementation!' is deprecated. Deprecated in Java.
w: file:///Users/apple/Documents/personalfolder/Heritage-Times/node_modules/react-native-screens/android/src/main/java/com/swmansion/rnscreens/safearea/paper/SafeAreaViewShadowNode.kt:7:8 'class LayoutShadowNode : ReactShadowNodeImpl' is deprecated. Deprecated in Java.
w: file:///Users/apple/Documents/personalfolder/Heritage-Times/node_modules/react-native-screens/android/src/main/java/com/swmansion/rnscreens/safearea/paper/SafeAreaViewShadowNode.kt:8:8 'class NativeViewHierarchyOptimizer : Any' is deprecated. Deprecated in Java.
w: file:///Users/apple/Documents/personalfolder/Heritage-Times/node_modules/react-native-screens/android/src/main/java/com/swmansion/rnscreens/safearea/paper/SafeAreaViewShadowNode.kt:14:32 'class LayoutShadowNode : ReactShadowNodeImpl' is deprecated. Deprecated in Java.
w: file:///Users/apple/Documents/personalfolder/Heritage-Times/node_modules/react-native-screens/android/src/main/java/com/swmansion/rnscreens/safearea/paper/SafeAreaViewShadowNode.kt:83:63 'class NativeViewHierarchyOptimizer : Any' is deprecated. Deprecated in Java.

> Task :app:createBundleReleaseJsAndAssets
LOG:Writing bundle output to: /Users/apple/Documents/personalfolder/Heritage-Times/android/app/build/generated/assets/react/release/index.android.bundle
LOG:Writing sourcemap output to: /Users/apple/Documents/personalfolder/Heritage-Times/android/app/build/intermediates/sourcemaps/react/release/index.android.bundle.packager.map
LOG:Done writing bundle output
LOG:Done writing sourcemap output
Copying 19 asset files
Done copying assets

> Task :react-native-gesture-handler:compileReleaseJavaWithJavac
> Task :react-native-gesture-handler:mergeReleaseGeneratedProguardFiles UP-TO-DATE
> Task :react-native-gesture-handler:exportReleaseConsumerProguardFiles
> Task :react-native-safe-area-context:compileReleaseJavaWithJavac
> Task :react-native-safe-area-context:mergeReleaseGeneratedProguardFiles UP-TO-DATE
> Task :react-native-safe-area-context:exportReleaseConsumerProguardFiles
> Task :app:stripReleaseDebugSymbols
> Task :react-native-screens:compileReleaseJavaWithJavac
> Task :react-native-screens:mergeReleaseGeneratedProguardFiles UP-TO-DATE
> Task :react-native-screens:exportReleaseConsumerProguardFiles
> Task :app:generateReleaseResValues
> Task :app:processReleaseGoogleServices
> Task :app:mapReleaseSourceSetPaths
> Task :app:generateReleaseResources
> Task :app:extractReleaseNativeSymbolTables
> Task :app:packageReleaseResources
> Task :app:createReleaseCompatibleScreenManifests
> Task :app:extractDeepLinksRelease
> Task :mobile-payments-sdk-react-native:extractDeepLinksRelease
> Task :app:parseReleaseLocalResources
> Task :react-native-firebase_app:extractDeepLinksRelease
> Task :mobile-payments-sdk-react-native:processReleaseManifest
> Task :react-native-firebase_auth:extractDeepLinksRelease

> Task :react-native-firebase_app:processReleaseManifest
package="io.invertase.firebase" found in source AndroidManifest.xml: /Users/apple/Documents/personalfolder/Heritage-Times/node_modules/@react-native-firebase/app/android/src/main/AndroidManifest.xml.
Setting the namespace via the package attribute in the source AndroidManifest.xml is no longer supported, and the value is ignored.
Recommendation: remove package="io.invertase.firebase" from the source AndroidManifest.xml: /Users/apple/Documents/personalfolder/Heritage-Times/node_modules/@react-native-firebase/app/android/src/main/AndroidManifest.xml.

> Task :react-native-firebase_firestore:extractDeepLinksRelease

> Task :react-native-firebase_auth:processReleaseManifest
package="io.invertase.firebase.auth" found in source AndroidManifest.xml: /Users/apple/Documents/personalfolder/Heritage-Times/node_modules/@react-native-firebase/auth/android/src/main/AndroidManifest.xml.
Setting the namespace via the package attribute in the source AndroidManifest.xml is no longer supported, and the value is ignored.
Recommendation: remove package="io.invertase.firebase.auth" from the source AndroidManifest.xml: /Users/apple/Documents/personalfolder/Heritage-Times/node_modules/@react-native-firebase/auth/android/src/main/AndroidManifest.xml.

> Task :react-native-gesture-handler:extractDeepLinksRelease

> Task :react-native-firebase_firestore:processReleaseManifest
package="io.invertase.firebase.firestore" found in source AndroidManifest.xml: /Users/apple/Documents/personalfolder/Heritage-Times/node_modules/@react-native-firebase/firestore/android/src/main/AndroidManifest.xml.
Setting the namespace via the package attribute in the source AndroidManifest.xml is no longer supported, and the value is ignored.
Recommendation: remove package="io.invertase.firebase.firestore" from the source AndroidManifest.xml: /Users/apple/Documents/personalfolder/Heritage-Times/node_modules/@react-native-firebase/firestore/android/src/main/AndroidManifest.xml.

> Task :react-native-reanimated:extractDeepLinksRelease
> Task :react-native-gesture-handler:processReleaseManifest
> Task :react-native-safe-area-context:extractDeepLinksRelease
> Task :react-native-reanimated:processReleaseManifest

> Task :react-native-safe-area-context:processReleaseManifest
package="com.th3rdwave.safeareacontext" found in source AndroidManifest.xml: /Users/apple/Documents/personalfolder/Heritage-Times/node_modules/react-native-safe-area-context/android/src/main/AndroidManifest.xml.
Setting the namespace via the package attribute in the source AndroidManifest.xml is no longer supported, and the value is ignored.
Recommendation: remove package="com.th3rdwave.safeareacontext" from the source AndroidManifest.xml: /Users/apple/Documents/personalfolder/Heritage-Times/node_modules/react-native-safe-area-context/android/src/main/AndroidManifest.xml.

> Task :react-native-screens:extractDeepLinksRelease
> Task :react-native-worklets:extractDeepLinksRelease
> Task :react-native-screens:processReleaseManifest
> Task :react-native-worklets:processReleaseManifest
> Task :mobile-payments-sdk-react-native:compileReleaseLibraryResources
> Task :app:processReleaseMainManifest
> Task :app:processReleaseManifest
> Task :react-native-firebase_app:compileReleaseLibraryResources
> Task :app:processReleaseManifestForPackage
> Task :react-native-firebase_auth:compileReleaseLibraryResources
> Task :react-native-firebase_firestore:compileReleaseLibraryResources
> Task :react-native-gesture-handler:compileReleaseLibraryResources
> Task :react-native-reanimated:compileReleaseLibraryResources
> Task :react-native-safe-area-context:compileReleaseLibraryResources
> Task :react-native-worklets:compileReleaseLibraryResources
> Task :mobile-payments-sdk-react-native:bundleLibCompileToJarRelease
> Task :react-native-firebase_auth:bundleLibCompileToJarRelease
> Task :mobile-payments-sdk-react-native:prepareReleaseArtProfile UP-TO-DATE
> Task :react-native-firebase_app:prepareReleaseArtProfile UP-TO-DATE
> Task :react-native-firebase_auth:prepareReleaseArtProfile UP-TO-DATE
> Task :react-native-firebase_firestore:prepareReleaseArtProfile UP-TO-DATE
> Task :app:javaPreCompileRelease
> Task :react-native-gesture-handler:prepareReleaseArtProfile UP-TO-DATE
> Task :react-native-reanimated:prepareReleaseArtProfile UP-TO-DATE
> Task :react-native-safe-area-context:prepareReleaseArtProfile UP-TO-DATE
> Task :react-native-screens:prepareReleaseArtProfile UP-TO-DATE
> Task :react-native-firebase_firestore:bundleLibCompileToJarRelease
> Task :react-native-worklets:prepareReleaseArtProfile UP-TO-DATE
> Task :react-native-safe-area-context:bundleLibCompileToJarRelease
> Task :react-native-screens:compileReleaseLibraryResources
> Task :react-native-gesture-handler:bundleLibCompileToJarRelease
> Task :mobile-payments-sdk-react-native:bundleLibRuntimeToJarRelease
> Task :react-native-firebase_auth:bundleLibRuntimeToJarRelease
> Task :react-native-firebase_app:bundleLibRuntimeToJarRelease
> Task :react-native-firebase_firestore:bundleLibRuntimeToJarRelease
> Task :app:mergeReleaseArtProfile
> Task :react-native-safe-area-context:bundleLibRuntimeToJarRelease
> Task :react-native-worklets:bundleLibRuntimeToJarRelease
> Task :react-native-reanimated:bundleLibRuntimeToJarRelease
> Task :app:extractProguardFiles
> Task :react-native-gesture-handler:bundleLibRuntimeToJarRelease
> Task :mobile-payments-sdk-react-native:processReleaseJavaRes
> Task :react-native-firebase_app:processReleaseJavaRes NO-SOURCE
> Task :react-native-firebase_auth:processReleaseJavaRes NO-SOURCE
> Task :react-native-firebase_firestore:processReleaseJavaRes NO-SOURCE
> Task :react-native-gesture-handler:processReleaseJavaRes
> Task :react-native-reanimated:processReleaseJavaRes NO-SOURCE
> Task :react-native-screens:bundleLibCompileToJarRelease
> Task :react-native-safe-area-context:processReleaseJavaRes
> Task :react-native-screens:bundleLibRuntimeToJarRelease
> Task :react-native-screens:processReleaseJavaRes
> Task :react-native-worklets:processReleaseJavaRes NO-SOURCE
> Task :app:mergeReleaseStartupProfile UP-TO-DATE
> Task :app:mergeReleaseShaders
> Task :app:compileReleaseShaders NO-SOURCE
> Task :app:generateReleaseAssets UP-TO-DATE
> Task :mobile-payments-sdk-react-native:mergeReleaseShaders
> Task :mobile-payments-sdk-react-native:compileReleaseShaders NO-SOURCE
> Task :mobile-payments-sdk-react-native:generateReleaseAssets UP-TO-DATE
> Task :mobile-payments-sdk-react-native:mergeReleaseAssets
> Task :react-native-firebase_app:mergeReleaseShaders
> Task :react-native-firebase_app:compileReleaseShaders NO-SOURCE
> Task :react-native-firebase_app:generateReleaseAssets UP-TO-DATE
> Task :react-native-firebase_app:mergeReleaseAssets
> Task :react-native-firebase_auth:mergeReleaseShaders
> Task :react-native-firebase_auth:compileReleaseShaders NO-SOURCE
> Task :react-native-firebase_auth:generateReleaseAssets UP-TO-DATE
> Task :react-native-firebase_auth:mergeReleaseAssets
> Task :react-native-firebase_firestore:mergeReleaseShaders
> Task :react-native-firebase_firestore:compileReleaseShaders NO-SOURCE
> Task :react-native-firebase_firestore:generateReleaseAssets UP-TO-DATE
> Task :react-native-firebase_firestore:mergeReleaseAssets
> Task :react-native-gesture-handler:mergeReleaseShaders
> Task :react-native-gesture-handler:compileReleaseShaders NO-SOURCE
> Task :react-native-gesture-handler:generateReleaseAssets UP-TO-DATE
> Task :react-native-gesture-handler:mergeReleaseAssets
> Task :react-native-reanimated:mergeReleaseShaders
> Task :react-native-reanimated:compileReleaseShaders NO-SOURCE
> Task :react-native-reanimated:generateReleaseAssets UP-TO-DATE
> Task :react-native-reanimated:mergeReleaseAssets
> Task :react-native-safe-area-context:mergeReleaseShaders
> Task :react-native-safe-area-context:compileReleaseShaders NO-SOURCE
> Task :react-native-safe-area-context:generateReleaseAssets UP-TO-DATE
> Task :react-native-safe-area-context:mergeReleaseAssets
> Task :react-native-screens:mergeReleaseShaders
> Task :react-native-screens:compileReleaseShaders NO-SOURCE
> Task :react-native-screens:generateReleaseAssets UP-TO-DATE
> Task :react-native-screens:mergeReleaseAssets
> Task :react-native-worklets:mergeReleaseShaders
> Task :react-native-worklets:compileReleaseShaders NO-SOURCE
> Task :react-native-worklets:generateReleaseAssets UP-TO-DATE
> Task :react-native-worklets:mergeReleaseAssets
> Task :app:mergeReleaseAssets
> Task :app:extractReleaseVersionControlInfo
> Task :mobile-payments-sdk-react-native:createFullJarRelease
> Task :mobile-payments-sdk-react-native:extractProguardFiles
> Task :app:mergeReleaseResources
> Task :app:compressReleaseAssets
> Task :mobile-payments-sdk-react-native:generateReleaseLintModel
> Task :mobile-payments-sdk-react-native:prepareLintJarForPublish UP-TO-DATE
> Task :react-native-firebase_app:createFullJarRelease
> Task :react-native-firebase_app:extractProguardFiles
> Task :react-native-firebase_app:generateReleaseLintModel
> Task :react-native-firebase_app:prepareLintJarForPublish UP-TO-DATE
> Task :react-native-firebase_auth:createFullJarRelease
> Task :react-native-firebase_auth:extractProguardFiles
> Task :react-native-firebase_auth:generateReleaseLintModel
> Task :react-native-firebase_auth:prepareLintJarForPublish UP-TO-DATE
> Task :react-native-firebase_firestore:createFullJarRelease
> Task :react-native-firebase_firestore:extractProguardFiles
> Task :react-native-firebase_firestore:generateReleaseLintModel
> Task :react-native-firebase_firestore:prepareLintJarForPublish UP-TO-DATE
> Task :react-native-gesture-handler:createFullJarRelease
> Task :react-native-gesture-handler:extractProguardFiles
> Task :react-native-reanimated:createFullJarRelease
> Task :react-native-reanimated:extractProguardFiles
> Task :react-native-worklets:createFullJarRelease
> Task :react-native-worklets:extractProguardFiles
> Task :react-native-worklets:generateReleaseLintModel
> Task :react-native-worklets:prepareLintJarForPublish UP-TO-DATE
> Task :react-native-reanimated:generateReleaseLintModel
> Task :react-native-reanimated:prepareLintJarForPublish UP-TO-DATE
> Task :react-native-gesture-handler:generateReleaseLintModel
> Task :react-native-gesture-handler:prepareLintJarForPublish UP-TO-DATE
> Task :react-native-safe-area-context:createFullJarRelease
> Task :react-native-safe-area-context:extractProguardFiles
> Task :react-native-safe-area-context:generateReleaseLintModel
> Task :react-native-safe-area-context:prepareLintJarForPublish UP-TO-DATE
> Task :react-native-screens:createFullJarRelease
> Task :react-native-screens:extractProguardFiles
> Task :react-native-screens:generateReleaseLintModel
> Task :react-native-screens:prepareLintJarForPublish UP-TO-DATE
> Task :mobile-payments-sdk-react-native:stripReleaseDebugSymbols NO-SOURCE
> Task :mobile-payments-sdk-react-native:copyReleaseJniLibsProjectAndLocalJars
> Task :mobile-payments-sdk-react-native:extractDeepLinksForAarRelease UP-TO-DATE
> Task :mobile-payments-sdk-react-native:extractReleaseAnnotations
> Task :mobile-payments-sdk-react-native:mergeReleaseConsumerProguardFiles UP-TO-DATE
> Task :react-native-gesture-handler:extractDeepLinksForAarRelease UP-TO-DATE
> Task :mobile-payments-sdk-react-native:mergeReleaseJavaResource
> Task :react-native-gesture-handler:extractReleaseAnnotations
> Task :mobile-payments-sdk-react-native:syncReleaseLibJars
> Task :mobile-payments-sdk-react-native:bundleReleaseLocalLintAar
> Task :react-native-gesture-handler:mergeReleaseConsumerProguardFiles UP-TO-DATE
> Task :react-native-safe-area-context:stripReleaseDebugSymbols NO-SOURCE
> Task :react-native-safe-area-context:extractDeepLinksForAarRelease UP-TO-DATE
> Task :react-native-safe-area-context:copyReleaseJniLibsProjectAndLocalJars
> Task :react-native-safe-area-context:extractReleaseAnnotations
> Task :react-native-safe-area-context:mergeReleaseConsumerProguardFiles UP-TO-DATE
> Task :react-native-screens:extractDeepLinksForAarRelease UP-TO-DATE
> Task :react-native-gesture-handler:mergeReleaseJavaResource
> Task :react-native-safe-area-context:mergeReleaseJavaResource
> Task :react-native-screens:extractReleaseAnnotations
> Task :react-native-gesture-handler:stripReleaseDebugSymbols
> Task :react-native-screens:stripReleaseDebugSymbols
> Task :react-native-gesture-handler:syncReleaseLibJars
> Task :react-native-gesture-handler:copyReleaseJniLibsProjectAndLocalJars
> Task :react-native-safe-area-context:syncReleaseLibJars
> Task :react-native-gesture-handler:bundleReleaseLocalLintAar
> Task :react-native-safe-area-context:bundleReleaseLocalLintAar
> Task :react-native-screens:mergeReleaseConsumerProguardFiles UP-TO-DATE
> Task :react-native-firebase_auth:stripReleaseDebugSymbols NO-SOURCE
> Task :react-native-screens:copyReleaseJniLibsProjectAndLocalJars
> Task :react-native-firebase_auth:copyReleaseJniLibsProjectAndLocalJars
> Task :react-native-firebase_auth:extractDeepLinksForAarRelease UP-TO-DATE
> Task :react-native-screens:mergeReleaseJavaResource
> Task :react-native-firebase_auth:extractReleaseAnnotations
> Task :react-native-screens:syncReleaseLibJars
> Task :react-native-screens:bundleReleaseLocalLintAar
> Task :react-native-firebase_auth:mergeReleaseConsumerProguardFiles UP-TO-DATE
> Task :react-native-firebase_firestore:stripReleaseDebugSymbols NO-SOURCE
> Task :react-native-firebase_auth:mergeReleaseJavaResource
> Task :react-native-firebase_firestore:copyReleaseJniLibsProjectAndLocalJars
> Task :react-native-firebase_auth:syncReleaseLibJars
> Task :react-native-firebase_auth:bundleReleaseLocalLintAar
> Task :react-native-firebase_firestore:extractDeepLinksForAarRelease UP-TO-DATE
> Task :react-native-firebase_firestore:extractReleaseAnnotations
> Task :react-native-firebase_firestore:mergeReleaseConsumerProguardFiles UP-TO-DATE
> Task :react-native-firebase_app:stripReleaseDebugSymbols NO-SOURCE
> Task :react-native-firebase_firestore:mergeReleaseJavaResource
> Task :react-native-firebase_app:copyReleaseJniLibsProjectAndLocalJars
> Task :react-native-firebase_firestore:syncReleaseLibJars
> Task :react-native-firebase_firestore:bundleReleaseLocalLintAar
> Task :react-native-firebase_app:extractDeepLinksForAarRelease UP-TO-DATE
> Task :react-native-firebase_app:extractReleaseAnnotations
> Task :react-native-firebase_app:mergeReleaseConsumerProguardFiles UP-TO-DATE
> Task :react-native-firebase_app:mergeReleaseJavaResource
> Task :react-native-reanimated:extractDeepLinksForAarRelease UP-TO-DATE
> Task :react-native-firebase_app:syncReleaseLibJars
> Task :react-native-firebase_app:bundleReleaseLocalLintAar
> Task :react-native-reanimated:extractReleaseAnnotations
> Task :react-native-reanimated:mergeReleaseConsumerProguardFiles
> Task :react-native-reanimated:mergeReleaseJavaResource
> Task :react-native-worklets:extractDeepLinksForAarRelease UP-TO-DATE
> Task :react-native-reanimated:syncReleaseLibJars
> Task :react-native-worklets:extractReleaseAnnotations
> Task :react-native-worklets:mergeReleaseConsumerProguardFiles
> Task :react-native-worklets:mergeReleaseJavaResource
> Task :react-native-worklets:stripReleaseDebugSymbols
> Task :react-native-reanimated:stripReleaseDebugSymbols
> Task :react-native-worklets:syncReleaseLibJars
> Task :mobile-payments-sdk-react-native:writeReleaseLintModelMetadata
> Task :react-native-firebase_app:writeReleaseLintModelMetadata
> Task :react-native-firebase_auth:writeReleaseLintModelMetadata
> Task :react-native-firebase_firestore:writeReleaseLintModelMetadata
> Task :react-native-reanimated:writeReleaseLintModelMetadata
> Task :react-native-worklets:writeReleaseLintModelMetadata
> Task :react-native-gesture-handler:writeReleaseLintModelMetadata
> Task :react-native-safe-area-context:writeReleaseLintModelMetadata
> Task :react-native-screens:writeReleaseLintModelMetadata
> Task :mobile-payments-sdk-react-native:generateReleaseLintVitalModel
> Task :react-native-firebase_app:generateReleaseLintVitalModel
> Task :react-native-firebase_auth:generateReleaseLintVitalModel
> Task :react-native-firebase_firestore:generateReleaseLintVitalModel
> Task :react-native-gesture-handler:generateReleaseLintVitalModel
> Task :react-native-reanimated:generateReleaseLintVitalModel
> Task :react-native-safe-area-context:generateReleaseLintVitalModel
> Task :react-native-screens:generateReleaseLintVitalModel
> Task :react-native-worklets:generateReleaseLintVitalModel
> Task :react-native-worklets:copyReleaseJniLibsProjectAndLocalJars
> Task :react-native-reanimated:copyReleaseJniLibsProjectAndLocalJars
> Task :react-native-firebase_app:lintVitalAnalyzeRelease
> Task :react-native-firebase_auth:lintVitalAnalyzeRelease
> Task :app:mergeReleaseNativeDebugMetadata
> Task :app:processReleaseResources
> Task :app:collectReleaseDependencies
> Task :app:compileReleaseKotlin
> Task :react-native-reanimated:bundleReleaseLocalLintAar
> Task :app:compileReleaseJavaWithJavac
> Task :app:mergeReleaseGeneratedProguardFiles
> Task :app:processReleaseJavaRes
> Task :app:generateReleaseLintVitalReportModel
> Task :react-native-worklets:bundleReleaseLocalLintAar
> Task :app:sdkReleaseDependencyData
> Task :app:validateSigningRelease
> Task :app:writeReleaseAppMetadata
> Task :app:writeReleaseSigningConfigVersions
> Task :mobile-payments-sdk-react-native:bundleReleaseAar
> Task :mobile-payments-sdk-react-native:mapReleaseSourceSetPaths
> Task :react-native-firebase_firestore:lintVitalAnalyzeRelease
> Task :mobile-payments-sdk-react-native:lintVitalAnalyzeRelease
> Task :app:expandReleaseArtProfileWildcards
> Task :mobile-payments-sdk-react-native:mergeReleaseResources
> Task :app:optimizeReleaseResources
> Task :react-native-firebase_app:bundleReleaseAar
> Task :react-native-firebase_app:mapReleaseSourceSetPaths
> Task :app:mergeReleaseJavaResource
> Task :react-native-reanimated:lintVitalAnalyzeRelease
> Task :react-native-firebase_app:mergeReleaseResources
> Task :react-native-firebase_auth:bundleReleaseAar
> Task :react-native-firebase_auth:mapReleaseSourceSetPaths
> Task :mobile-payments-sdk-react-native:verifyReleaseResources
> Task :react-native-firebase_app:verifyReleaseResources
> Task :react-native-firebase_auth:mergeReleaseResources
> Task :mobile-payments-sdk-react-native:assembleRelease
> Task :react-native-firebase_app:assembleRelease
> Task :react-native-firebase_firestore:bundleReleaseAar
> Task :react-native-firebase_firestore:mapReleaseSourceSetPaths
> Task :react-native-safe-area-context:lintVitalAnalyzeRelease
> Task :react-native-gesture-handler:lintVitalAnalyzeRelease
> Task :react-native-firebase_auth:verifyReleaseResources
> Task :react-native-firebase_firestore:mergeReleaseResources
> Task :react-native-firebase_auth:assembleRelease
> Task :react-native-gesture-handler:bundleReleaseAar
> Task :react-native-gesture-handler:mapReleaseSourceSetPaths
> Task :react-native-firebase_firestore:verifyReleaseResources
> Task :react-native-gesture-handler:mergeReleaseResources
> Task :react-native-firebase_firestore:assembleRelease
> Task :react-native-gesture-handler:verifyReleaseResources
> Task :react-native-worklets:lintVitalAnalyzeRelease
> Task :app:minifyReleaseWithR8
> Task :react-native-screens:lintVitalAnalyzeRelease
> Task :react-native-reanimated:bundleReleaseAar
> Task :react-native-gesture-handler:assembleRelease
> Task :react-native-reanimated:mapReleaseSourceSetPaths
> Task :react-native-reanimated:mergeReleaseResources
> Task :react-native-safe-area-context:bundleReleaseAar
> Task :react-native-safe-area-context:mapReleaseSourceSetPaths
> Task :app:lintVitalAnalyzeRelease
> Task :react-native-reanimated:verifyReleaseResources
> Task :react-native-safe-area-context:mergeReleaseResources
> Task :react-native-reanimated:assembleRelease
> Task :react-native-screens:bundleReleaseAar
> Task :react-native-screens:mapReleaseSourceSetPaths
> Task :app:lintVitalReportRelease
> Task :react-native-safe-area-context:verifyReleaseResources
> Task :react-native-screens:mergeReleaseResources
> Task :app:lintVitalRelease
> Task :react-native-safe-area-context:assembleRelease
> Task :react-native-screens:verifyReleaseResources
> Task :react-native-worklets:bundleReleaseAar
> Task :react-native-screens:assembleRelease
> Task :react-native-worklets:mapReleaseSourceSetPaths
> Task :react-native-worklets:mergeReleaseResources
> Task :react-native-worklets:verifyReleaseResources
> Task :react-native-worklets:assembleRelease
The Daemon will expire after the build after running out of JVM heap space.
The project memory settings are likely not configured or are configured to an insufficient value.
The daemon will restart for the next build, which may increase subsequent build times.
These settings can be adjusted by setting 'org.gradle.jvmargs' in 'gradle.properties'.
The currently configured max heap space is '2 GiB' and the configured max metaspace is '512 MiB'.
For more information on how to set these values, please refer to https://docs.gradle.org/9.0.0/userguide/build_environment.html#sec:configuring_jvm_memory in the Gradle documentation.
To disable this warning, set 'org.gradle.daemon.performance.disable-logging=true'.
Daemon will be stopped at the end of the build after running out of JVM heap space
